[1/120 mathematics/centralized_10/19753] correctness=4 on_topic=True
[2/120 mathematics/centralized_2/19753] correctness=3 on_topic=True
[3/120 mathematics/centralized_10/882073] correctness=1 on_topic=True
[4/120 mathematics/centralized_2/882073] correctness=1 on_topic=False
[5/120 mathematics/centralized_2/760623] correctness=2 on_topic=True
[6/120 mathematics/centralized_10/760623] correctness=1 on_topic=True
[7/120 mathematics/centralized_10/2930885] correctness=2 on_topic=True
[8/120 mathematics/centralized_2/2930885] correctness=4 on_topic=True
[9/120 mathematics/centralized_10/2631040] correctness=1 on_topic=True
[10/120 mathematics/centralized_2/2631040] correctness=2 on_topic=True
[11/120 mathematics/centralized_10/4014000] correctness=1 on_topic=True
[12/120 mathematics/centralized_2/4014000] correctness=2 on_topic=True
[13/120 mathematics/centralized_10/2052959] correctness=1 on_topic=True
[14/120 mathematics/centralized_2/2052959] correctness=1 on_topic=False
[15/120 mathematics/centralized_10/2014753] correctness=2 on_topic=True
[16/120 mathematics/centralized_2/2014753] correctness=2 on_topic=False
[17/120 mathematics/centralized_2/866858] correctness=1 on_topic=False
[18/120 mathematics/centralized_10/866858] correctness=2 on_topic=True
[19/120 mathematics/centralized_2/422474] correctness=1 on_topic=False
[20/120 mathematics/centralized_10/422474] correctness=1 on_topic=False
[21/120 physics/centralized_10/360888] correctness=3 on_topic=True
[22/120 physics/centralized_2/360888] correctness=2 on_topic=True
[23/120 physics/centralized_2/728150] correctness=2 on_topic=True
[24/120 physics/centralized_10/728150] correctness=3 on_topic=True
[25/120 physics/centralized_2/17531] correctness=1 on_topic=True
[26/120 physics/centralized_10/17531] correctness=1 on_topic=False
[27/120 physics/centralized_10/609853] correctness=2 on_topic=True
[28/120 physics/centralized_2/609853] correctness=2 on_topic=True
[29/120 physics/centralized_10/390256] correctness=2 on_topic=True
[30/120 physics/centralized_2/390256] correctness=2 on_topic=True
[31/120 physics/centralized_2/220586] correctness=1 on_topic=True
[32/120 physics/centralized_10/220586] correctness=2 on_topic=True
[33/120 physics/centralized_10/466255] correctness=1 on_topic=False
[34/120 physics/centralized_2/466255] correctness=1 on_topic=False
[35/120 physics/centralized_2/385340] correctness=2 on_topic=True
[36/120 physics/centralized_10/385340] correctness=2 on_topic=True
[37/120 physics/centralized_10/21242] correctness=1 on_topic=False
[38/120 physics/centralized_2/21242] correctness=1 on_topic=False
[39/120 physics/centralized_2/576225] correctness=1 on_topic=False
[40/120 physics/centralized_10/576225] correctness=1 on_topic=True
[41/120 computer_science/centralized_2/7582] correctness=1 on_topic=True
[42/120 computer_science/centralized_10/7582] correctness=2 on_topic=True
[43/120 computer_science/centralized_10/85810] correctness=1 on_topic=False
[44/120 computer_science/centralized_2/85810] correctness=1 on_topic=True
[45/120 computer_science/centralized_2/104710] correctness=1 on_topic=True
[46/120 computer_science/centralized_10/104710] correctness=1 on_topic=True
[47/120 computer_science/centralized_10/101283] correctness=3 on_topic=True
[48/120 computer_science/centralized_2/101283] correctness=1 on_topic=False
[49/120 computer_science/centralized_10/74] correctness=2 on_topic=True
[50/120 computer_science/centralized_2/74] correctness=4 on_topic=True
[51/120 computer_science/centralized_2/98669] correctness=1 on_topic=False
[52/120 computer_science/centralized_10/98669] correctness=2 on_topic=True
[53/120 computer_science/centralized_10/50895] correctness=2 on_topic=True
[54/120 computer_science/centralized_2/50895] correctness=1 on_topic=True
[55/120 computer_science/centralized_10/23992] correctness=1 on_topic=False
[56/120 computer_science/centralized_2/23992] correctness=1 on_topic=True
[57/120 computer_science/centralized_10/12618] correctness=2 on_topic=True
[58/120 computer_science/centralized_2/12618] correctness=1 on_topic=False
[59/120 computer_science/centralized_10/66135] correctness=2 on_topic=True
[60/120 computer_science/centralized_2/66135] correctness=2 on_topic=True
[61/120 statistics/centralized_10/88348] correctness=2 on_topic=True
[62/120 statistics/centralized_2/88348] correctness=5 on_topic=True
[63/120 statistics/centralized_2/144328] correctness=2 on_topic=True
[64/120 statistics/centralized_10/144328] correctness=1 on_topic=True
[65/120 statistics/centralized_10/33024] correctness=2 on_topic=True
[66/120 statistics/centralized_2/33024] correctness=2 on_topic=True
[67/120 statistics/centralized_10/282543] correctness=2 on_topic=True
[68/120 statistics/centralized_2/282543] correctness=2 on_topic=True
[69/120 statistics/centralized_10/401421] correctness=2 on_topic=True
[70/120 statistics/centralized_2/401421] correctness=2 on_topic=True
[71/120 statistics/centralized_10/59986] correctness=2 on_topic=True
[72/120 statistics/centralized_2/59986] correctness=1 on_topic=False
[73/120 statistics/centralized_10/294967] correctness=1 on_topic=False
[74/120 statistics/centralized_2/294967] correctness=1 on_topic=False
[75/120 statistics/centralized_10/475567] correctness=1 on_topic=True
[76/120 statistics/centralized_2/475567] correctness=2 on_topic=True
[77/120 statistics/centralized_2/94486] correctness=1 on_topic=False
[78/120 statistics/centralized_10/94486] correctness=2 on_topic=True
[79/120 statistics/centralized_2/398322] correctness=1 on_topic=True
[80/120 statistics/centralized_10/398322] correctness=2 on_topic=True
[81/120 economics/centralized_2/42891] correctness=1 on_topic=True
[82/120 economics/centralized_10/42891] correctness=1 on_topic=False
[83/120 economics/centralized_2/1765] correctness=1 on_topic=False
[84/120 economics/centralized_10/1765] correctness=1 on_topic=False
[85/120 economics/centralized_2/17621] correctness=1 on_topic=False
[86/120 economics/centralized_10/17621] correctness=2 on_topic=True
[87/120 economics/centralized_2/24204] correctness=1 on_topic=True
[88/120 economics/centralized_10/24204] correctness=1 on_topic=False
[89/120 economics/centralized_2/12328] correctness=1 on_topic=True
[90/120 economics/centralized_10/12328] correctness=1 on_topic=False
[91/120 economics/centralized_10/4868] correctness=2 on_topic=True
[92/120 economics/centralized_2/4868] correctness=1 on_topic=True
[93/120 economics/centralized_10/32301] correctness=2 on_topic=True
[94/120 economics/centralized_2/32301] correctness=2 on_topic=True
[95/120 economics/centralized_2/6941] correctness=2 on_topic=True
[96/120 economics/centralized_10/6941] correctness=1 on_topic=True
[97/120 economics/centralized_2/34628] correctness=1 on_topic=False
[98/120 economics/centralized_10/34628] correctness=1 on_topic=True
[99/120 economics/centralized_10/17442] correctness=1 on_topic=False
[100/120 economics/centralized_2/17442] correctness=4 on_topic=True
[101/120 biology/centralized_10/21200] correctness=1 on_topic=True
[102/120 biology/centralized_2/21200] correctness=1 on_topic=True
[103/120 biology/centralized_10/77105] correctness=2 on_topic=True
[104/120 biology/centralized_2/77105] correctness=2 on_topic=True
[105/120 biology/centralized_2/80353] correctness=1 on_topic=False
[106/120 biology/centralized_10/80353] correctness=2 on_topic=True
[107/120 biology/centralized_2/60896] correctness=1 on_topic=True
[108/120 biology/centralized_10/60896] correctness=1 on_topic=True
[109/120 biology/centralized_2/2331] correctness=1 on_topic=True
[110/120 biology/centralized_10/2331] correctness=2 on_topic=False
[111/120 biology/centralized_2/44034] correctness=2 on_topic=True
[112/120 biology/centralized_10/44034] correctness=1 on_topic=False
[113/120 biology/centralized_2/92436] correctness=1 on_topic=True
[114/120 biology/centralized_10/92436] correctness=2 on_topic=True
[115/120 biology/centralized_10/9576] correctness=1 on_topic=False
[116/120 biology/centralized_2/9576] correctness=1 on_topic=True
[117/120 biology/centralized_10/39977] correctness=2 on_topic=True
[118/120 biology/centralized_2/39977] correctness=1 on_topic=False
[119/120 biology/centralized_2/9512] correctness=4 on_topic=True
[120/120 biology/centralized_10/9512] correctness=2 on_topic=True
Completed 120 judgments
Results: results\stage1\paper_seed42_t768\kimi_code_judge_centralized_2_vs_10_results.csv
Raw audit records: results\stage1\paper_seed42_t768\kimi_code_judge_centralized_2_vs_10_raw.jsonl
Generation length is retained for descriptive analysis; correlation alone must not be interpreted as judge bias.
